Archive member included to satisfy reference by file (symbol)

E:/STM_332/STM32CubeIDE_1.13.2/STM32CubeIDE/plugins/com.st.stm32cube.ide.mcu.externaltools.gnu-tools-for-stm32.11.3.rel1.win32_1.1.1.202309131626/tools/bin/../lib/gcc/arm-none-eabi/11.3.1/../../../../arm-none-eabi/lib/thumb/v7-m/nofp\libc_nano.a(libc_a-exit.o)
                              E:/STM_332/STM32CubeIDE_1.13.2/STM32CubeIDE/plugins/com.st.stm32cube.ide.mcu.externaltools.gnu-tools-for-stm32.11.3.rel1.win32_1.1.1.202309131626/tools/bin/../lib/gcc/arm-none-eabi/11.3.1/../../../../arm-none-eabi/lib/thumb/v7-m/nofp/crt0.o (exit)
E:/STM_332/STM32CubeIDE_1.13.2/STM32CubeIDE/plugins/com.st.stm32cube.ide.mcu.externaltools.gnu-tools-for-stm32.11.3.rel1.win32_1.1.1.202309131626/tools/bin/../lib/gcc/arm-none-eabi/11.3.1/../../../../arm-none-eabi/lib/thumb/v7-m/nofp\libc_nano.a(libc_a-findfp.o)
                              E:/STM_332/STM32CubeIDE_1.13.2/STM32CubeIDE/plugins/com.st.stm32cube.ide.mcu.externaltools.gnu-tools-for-stm32.11.3.rel1.win32_1.1.1.202309131626/tools/bin/../lib/gcc/arm-none-eabi/11.3.1/../../../../arm-none-eabi/lib/thumb/v7-m/nofp\libc_nano.a(libc_a-exit.o) (__stdio_exit_handler)
E:/STM_332/STM32CubeIDE_1.13.2/STM32CubeIDE/plugins/com.st.stm32cube.ide.mcu.externaltools.gnu-tools-for-stm32.11.3.rel1.win32_1.1.1.202309131626/tools/bin/../lib/gcc/arm-none-eabi/11.3.1/../../../../arm-none-eabi/lib/thumb/v7-m/nofp\libc_nano.a(libc_a-fwalk.o)
                              E:/STM_332/STM32CubeIDE_1.13.2/STM32CubeIDE/plugins/com.st.stm32cube.ide.mcu.externaltools.gnu-tools-for-stm32.11.3.rel1.win32_1.1.1.202309131626/tools/bin/../lib/gcc/arm-none-eabi/11.3.1/../../../../arm-none-eabi/lib/thumb/v7-m/nofp\libc_nano.a(libc_a-findfp.o) (_fwalk_sglue)
E:/STM_332/STM32CubeIDE_1.13.2/STM32CubeIDE/plugins/com.st.stm32cube.ide.mcu.externaltools.gnu-tools-for-stm32.11.3.rel1.win32_1.1.1.202309131626/tools/bin/../lib/gcc/arm-none-eabi/11.3.1/../../../../arm-none-eabi/lib/thumb/v7-m/nofp\libc_nano.a(libc_a-stdio.o)
                              E:/STM_332/STM32CubeIDE_1.13.2/STM32CubeIDE/plugins/com.st.stm32cube.ide.mcu.externaltools.gnu-tools-for-stm32.11.3.rel1.win32_1.1.1.202309131626/tools/bin/../lib/gcc/arm-none-eabi/11.3.1/../../../../arm-none-eabi/lib/thumb/v7-m/nofp\libc_nano.a(libc_a-findfp.o) (__sread)
E:/STM_332/STM32CubeIDE_1.13.2/STM32CubeIDE/plugins/com.st.stm32cube.ide.mcu.externaltools.gnu-tools-for-stm32.11.3.rel1.win32_1.1.1.202309131626/tools/bin/../lib/gcc/arm-none-eabi/11.3.1/../../../../arm-none-eabi/lib/thumb/v7-m/nofp\libc_nano.a(libc_a-memset.o)
                              E:/STM_332/STM32CubeIDE_1.13.2/STM32CubeIDE/plugins/com.st.stm32cube.ide.mcu.externaltools.gnu-tools-for-stm32.11.3.rel1.win32_1.1.1.202309131626/tools/bin/../lib/gcc/arm-none-eabi/11.3.1/../../../../arm-none-eabi/lib/thumb/v7-m/nofp/crt0.o (memset)
E:/STM_332/STM32CubeIDE_1.13.2/STM32CubeIDE/plugins/com.st.stm32cube.ide.mcu.externaltools.gnu-tools-for-stm32.11.3.rel1.win32_1.1.1.202309131626/tools/bin/../lib/gcc/arm-none-eabi/11.3.1/../../../../arm-none-eabi/lib/thumb/v7-m/nofp\libc_nano.a(libc_a-closer.o)
                              E:/STM_332/STM32CubeIDE_1.13.2/STM32CubeIDE/plugins/com.st.stm32cube.ide.mcu.externaltools.gnu-tools-for-stm32.11.3.rel1.win32_1.1.1.202309131626/tools/bin/../lib/gcc/arm-none-eabi/11.3.1/../../../../arm-none-eabi/lib/thumb/v7-m/nofp\libc_nano.a(libc_a-stdio.o) (_close_r)
E:/STM_332/STM32CubeIDE_1.13.2/STM32CubeIDE/plugins/com.st.stm32cube.ide.mcu.externaltools.gnu-tools-for-stm32.11.3.rel1.win32_1.1.1.202309131626/tools/bin/../lib/gcc/arm-none-eabi/11.3.1/../../../../arm-none-eabi/lib/thumb/v7-m/nofp\libc_nano.a(libc_a-reent.o)
                              E:/STM_332/STM32CubeIDE_1.13.2/STM32CubeIDE/plugins/com.st.stm32cube.ide.mcu.externaltools.gnu-tools-for-stm32.11.3.rel1.win32_1.1.1.202309131626/tools/bin/../lib/gcc/arm-none-eabi/11.3.1/../../../../arm-none-eabi/lib/thumb/v7-m/nofp\libc_nano.a(libc_a-closer.o) (errno)
E:/STM_332/STM32CubeIDE_1.13.2/STM32CubeIDE/plugins/com.st.stm32cube.ide.mcu.externaltools.gnu-tools-for-stm32.11.3.rel1.win32_1.1.1.202309131626/tools/bin/../lib/gcc/arm-none-eabi/11.3.1/../../../../arm-none-eabi/lib/thumb/v7-m/nofp\libc_nano.a(libc_a-impure.o)
                              E:/STM_332/STM32CubeIDE_1.13.2/STM32CubeIDE/plugins/com.st.stm32cube.ide.mcu.externaltools.gnu-tools-for-stm32.11.3.rel1.win32_1.1.1.202309131626/tools/bin/../lib/gcc/arm-none-eabi/11.3.1/../../../../arm-none-eabi/lib/thumb/v7-m/nofp\libc_nano.a(libc_a-reent.o) (_impure_ptr)
E:/STM_332/STM32CubeIDE_1.13.2/STM32CubeIDE/plugins/com.st.stm32cube.ide.mcu.externaltools.gnu-tools-for-stm32.11.3.rel1.win32_1.1.1.202309131626/tools/bin/../lib/gcc/arm-none-eabi/11.3.1/../../../../arm-none-eabi/lib/thumb/v7-m/nofp\libc_nano.a(libc_a-lseekr.o)
[...]
Memory Configuration

Name             Origin             Length             Attributes
RAM              0x0000000020000000 0x0000000000005000 xrw
FLASH            0x0000000008000000 0x0000000000020000 xr
*default*        0x0000000000000000 0xffffffffffffffff

Linker script and memory map

LOAD E:/STM_332/STM32CubeIDE_1.13.2/STM32CubeIDE/plugins/com.st.stm32cube.ide.mcu.externaltools.gnu-tools-for-stm32.11.3.rel1.win32_1.1.1.202309131626/tools/bin/../lib/gcc/arm-none-eabi/11.3.1/thumb/v7-m/nofp/crti.o
LOAD E:/STM_332/STM32CubeIDE_1.13.2/STM32CubeIDE/plugins/com.st.stm32cube.ide.mcu.externaltools.gnu-tools-for-stm32.11.3.rel1.win32_1.1.1.202309131626/tools/bin/../lib/gcc/arm-none-eabi/11.3.1/thumb/v7-m/nofp/crtbegin.o
LOAD E:/STM_332/STM32CubeIDE_1.13.2/STM32CubeIDE/plugins/com.st.stm32cube.ide.mcu.externaltools.gnu-tools-for-stm32.11.3.rel1.win32_1.1.1.202309131626/tools/bin/../lib/gcc/arm-none-eabi/11.3.1/../../../../arm-none-eabi/lib/thumb/v7-m/nofp/crt0.o
LOAD ./Core/Src/NRF24L01.o
LOAD ./Core/Src/main.o
LOAD ./Core/Src/stm32f1xx_hal_msp.o
LOAD ./Core/Src/stm32f1xx_it.o
LOAD ./Core/Src/syscalls.o
LOAD ./Core/Src/sysmem.o
LOAD ./Core/Src/system_stm32f1xx.o
LOAD ./Core/Startup/startup_stm32f103rbtx.o
LOAD ./Drivers/STM32F1xx_HAL_Driver/Src/stm32f1xx_hal.o
LOAD ./Drivers/STM32F1xx_HAL_Driver/Src/stm32f1xx_hal_cortex.o
LOAD ./Drivers/STM32F1xx_HAL_Driver/Src/stm32f1xx_hal_dma.o
LOAD ./Drivers/STM32F1xx_HAL_Driver/Src/stm32f1xx_hal_exti.o
LOAD ./Drivers/STM32F1xx_HAL_Driver/Src/stm32f1xx_hal_flash.o
LOAD ./Drivers/STM32F1xx_HAL_Driver/Src/stm32f1xx_hal_flash_ex.o
LOAD ./Drivers/STM32F1xx_HAL_Driver/Src/stm32f1xx_hal_gpio.o
LOAD ./Drivers/STM32F1xx_HAL_Driver/Src/stm32f1xx_hal_gpio_ex.o
LOAD ./Drivers/STM32F1xx_HAL_Driver/Src/stm32f1xx_hal_pwr.o
LOAD ./Drivers/STM32F1xx_HAL_Driver/Src/stm32f1xx_hal_rcc.o
LOAD ./Drivers/STM32F1xx_HAL_Driver/Src/stm32f1xx_hal_rcc_ex.o
LOAD ./Drivers/STM32F1xx_HAL_Driver/Src/stm32f1xx_hal_spi.o
LOAD ./Drivers/STM32F1xx_HAL_Driver/Src/stm32f1xx_hal_tim.o
LOAD ./Drivers/STM32F1xx_HAL_Driver/Src/stm32f1xx_hal_tim_ex.o
LOAD ./Drivers/STM32F1xx_HAL_Driver/Src/stm32f1xx_hal_uart.o
START GROUP
LOAD E:/STM_332/STM32CubeIDE_1.13.2/STM32CubeIDE/plugins/com.st.stm32cube.ide.mcu.externaltools.gnu-tools-for-stm32.11.3.rel1.win32_1.1.1.202309131626/tools/bin/../lib/gcc/arm-none-eabi/11.3.1/../../../../arm-none-eabi/lib/thumb/v7-m/nofp\libc_nano.a
LOAD E:/STM_332/STM32CubeIDE_1.13.2/STM32CubeIDE/plugins/com.st.stm32cube.ide.mcu.externaltools.gnu-tools-for-stm32.11.3.rel1.win32_1.1.1.202309131626/tools/bin/../lib/gcc/arm-none-eabi/11.3.1/../../../../arm-none-eabi/lib/thumb/v7-m/nofp\libm.a
END GROUP
START GROUP
LOAD E:/STM_332/STM32CubeIDE_1.13.2/STM32CubeIDE/plugins/com.st.stm32cube.ide.mcu.externaltools.gnu-tools-for-stm32.11.3.rel1.win32_1.1.1.202309131626/tools/bin/../lib/gcc/arm-none-eabi/11.3.1/thumb/v7-m/nofp\libgcc.a
LOAD E:/STM_332/STM32CubeIDE_1.13.2/STM32CubeIDE/plugins/com.st.stm32cube.ide.mcu.externaltools.gnu-tools-for-stm32.11.3.rel1.win32_1.1.1.202309131626/tools/bin/../lib/gcc/arm-none-eabi/11.3.1/../../../../arm-none-eabi/lib/thumb/v7-m/nofp\libc_nano.a
END GROUP
START GROUP
LOAD E:/STM_332/STM32CubeIDE_1.13.2/STM32CubeIDE/plugins/com.st.stm32cube.ide.mcu.externaltools.gnu-tools-for-stm32.11.3.rel1.win32_1.1.1.202309131626/tools/bin/../lib/gcc/arm-none-eabi/11.3.1/thumb/v7-m/nofp\libgcc.a
LOAD E:/STM_332/STM32CubeIDE_1.13.2/STM32CubeIDE/plugins/com.st.stm32cube.ide.mcu.externaltools.gnu-tools-for-stm32.11.3.rel1.win32_1.1.1.202309131626/tools/bin/../lib/gcc/arm-none-eabi/11.3.1/../../../../arm-none-eabi/lib/thumb/v7-m/nofp\libc_nano.a
LOAD E:/STM_332/STM32CubeIDE_1.13.2/STM32CubeIDE/plugins/com.st.stm32cube.ide.mcu.externaltools.gnu-tools-for-stm32.11.3.rel1.win32_1.1.1.202309131626/tools/bin/../lib/gcc/arm-none-eabi/11.3.1/../../../../arm-none-eabi/lib/thumb/v7-m/nofp\libnosys.a
END GROUP
START GROUP
LOAD E:/STM_332/STM32CubeIDE_1.13.2/STM32CubeIDE/plugins/com.st.stm32cube.ide.mcu.externaltools.gnu-tools-for-stm32.11.3.rel1.win32_1.1.1.202309131626/tools/bin/../lib/gcc/arm-none-eabi/11.3.1/thumb/v7-m/nofp\libgcc.a
LOAD E:/STM_332/STM32CubeIDE_1.13.2/STM32CubeIDE/plugins/com.st.stm32cube.ide.mcu.externaltools.gnu-tools-for-stm32.11.3.rel1.win32_1.1.1.202309131626/tools/bin/../lib/gcc/arm-none-eabi/11.3.1/../../../../arm-none-eabi/lib/thumb/v7-m/nofp\libc_nano.a
LOAD E:/STM_332/STM32CubeIDE_1.13.2/STM32CubeIDE/plugins/com.st.stm32cube.ide.mcu.externaltools.gnu-tools-for-stm32.11.3.rel1.win32_1.1.1.202309131626/tools/bin/../lib/gcc/arm-none-eabi/11.3.1/../../../../arm-none-eabi/lib/thumb/v7-m/nofp\libnosys.a
END GROUP
LOAD E:/STM_332/STM32CubeIDE_1.13.2/STM32CubeIDE/plugins/com.st.stm32cube.ide.mcu.externaltools.gnu-tools-for-stm32.11.3.rel1.win32_1.1.1.202309131626/tools/bin/../lib/gcc/arm-none-eabi/11.3.1/thumb/v7-m/nofp/crtend.o
LOAD E:/STM_332/STM32CubeIDE_1.13.2/STM32CubeIDE/plugins/com.st.stm32cube.ide.mcu.externaltools.gnu-tools-for-stm32.11.3.rel1.win32_1.1.1.202309131626/tools/bin/../lib/gcc/arm-none-eabi/11.3.1/thumb/v7-m/nofp/crtn.o
                0x0000000020005000                _estack = (ORIGIN (RAM) + LENGTH (RAM))
                0x0000000000000200                _Min_Heap_Size = 0x200
                0x0000000000000400                _Min_Stack_Size = 0x400

.isr_vector     0x0000000008000000      0x10c
                0x0000000008000000                . = ALIGN (0x4)
 *(.isr_vector)
 .isr_vector    0x0000000008000000      0x10c ./Core/Startup/startup_stm32f103rbtx.o
                0x0000000008000000                g_pfnVectors
                0x000000000800010c                . = ALIGN (0x4)

.text           0x000000000800010c     0x2874
                0x000000000800010c                . = ALIGN (0x4)
 *(.text)
 .text          0x000000000800010c       0x40 E:/STM_332/STM32CubeIDE_1.13.2/STM32CubeIDE/plugins/com.st.stm32cube.ide.mcu.externaltools.gnu-tools-for-stm32.11.3.rel1.win32_1.1.1.202309131626/tools/bin/../lib/gcc/arm-none-eabi/11.3.1/thumb/v7-m/nofp/crtbegin.o
 .text          0x000000000800014c       0x10 E:/STM_332/STM32CubeIDE_1.13.2/STM32CubeIDE/plugins/com.st.stm32cube.ide.mcu.externaltools.gnu-tools-for-stm32.11.3.rel1.win32_1.1.1.202309131626/tools/bin/../lib/gcc/arm-none-eabi/11.3.1/../../../../arm-none-eabi/lib/thumb/v7-m/nofp\libc_nano.a(libc_a-strlen.o)
                0x000000000800014c                strlen
 *(.text*)
 .text.CS_Select
                0x000000000800015c       0x18 ./Core/Src/NRF24L01.o
                0x000000000800015c                CS_Select
 .text.CS_UnSelect
                0x0000000008000174       0x18 ./Core/Src/NRF24L01.o
                0x0000000008000174                CS_UnSelect
 .text.CE_Enable
                0x000000000800018c       0x18 ./Core/Src/NRF24L01.o
                0x000000000800018c                CE_Enable
 .text.CE_Disable
                0x00000000080001a4       0x18 ./Core/Src/NRF24L01.o
                0x00000000080001a4                CE_Disable
 .text.nrf24_WriteReg
                0x00000000080001bc       0x44 ./Core/Src/NRF24L01.o
                0x00000000080001bc                nrf24_WriteReg
 .text.nrf24_WriteRegMulti
                0x0000000008000200       0x4c ./Core/Src/NRF24L01.o
                0x0000000008000200                nrf24_WriteRegMulti
 .text.nrf24_ReadReg
                0x000000000800024c       0x40 ./Core/Src/NRF24L01.o
                0x000000000800024c                nrf24_ReadReg
 .text.nrf24_ReadReg_Multi
                0x000000000800028c       0x40 ./Core/Src/NRF24L01.o
                0x000000000800028c                nrf24_ReadReg_Multi
 .text.nrfsendCmd
                0x00000000080002cc       0x2c ./Core/Src/NRF24L01.o
                0x00000000080002cc                nrfsendCmd
 .text.nrf24_reset
                0x00000000080002f8      0x14c ./Core/Src/NRF24L01.o
                0x00000000080002f8                nrf24_reset
 .text.NRF24_Init
                0x0000000008000444       0x4e ./Core/Src/NRF24L01.o
                0x0000000008000444                NRF24_Init
 .text.NRF24_RxMode
                0x0000000008000492       0x7e ./Core/Src/NRF24L01.o
                0x0000000008000492                NRF24_RxMode
 .text.isDataAvailable
                0x0000000008000510       0x3e ./Core/Src/NRF24L01.o
                0x0000000008000510                isDataAvailable
 *fill*         0x000000000800054e        0x2 
 .text.NRF24_Receive
                0x0000000008000550       0x54 ./Core/Src/NRF24L01.o
                0x0000000008000550                NRF24_Receive
 .text.NRF24_ReadAll
                0x00000000080005a4       0xcc ./Core/Src/NRF24L01.o
                0x00000000080005a4                NRF24_ReadAll
 .text.main     0x0000000008000670       0x70 ./Core/Src/main.o
                0x0000000008000670                main
 .text.SystemClock_Config
                0x00000000080006e0       0x82 ./Core/Src/main.o
                0x00000000080006e0                SystemClock_Config
 *fill*         0x0000000008000762        0x2 
 .text.MX_SPI2_Init
                0x0000000008000764       0x6c ./Core/Src/main.o
 .text.MX_USART2_UART_Init
                0x00000000080007d0       0x54 ./Core/Src/main.o
 .text.MX_GPIO_Init
                0x0000000008000824      0x108 ./Core/Src/main.o
 .text.Error_Handler
                0x000000000800092c        0xa ./Core/Src/main.o
                0x000000000800092c                Error_Handler
 *fill*         0x0000000008000936        0x2 
 .text.HAL_MspInit
                0x0000000008000938       0x64 ./Core/Src/stm32f1xx_hal_msp.o
                0x0000000008000938                HAL_MspInit
 .text.HAL_SPI_MspInit
                0x000000000800099c       0x98 ./Core/Src/stm32f1xx_hal_msp.o
                0x000000000800099c                HAL_SPI_MspInit
 .text.HAL_UART_MspInit
                0x0000000008000a34       0x7c ./Core/Src/stm32f1xx_hal_msp.o
                0x0000000008000a34                HAL_UART_MspInit
 .text.NMI_Handler
                0x0000000008000ab0        0x6 ./Core/Src/stm32f1xx_it.o
                0x0000000008000ab0                NMI_Handler
 .text.HardFault_Handler
                0x0000000008000ab6        0x6 ./Core/Src/stm32f1xx_it.o
                0x0000000008000ab6                HardFault_Handler
 .text.MemManage_Handler
                0x0000000008000abc        0x6 ./Core/Src/stm32f1xx_it.o
                0x0000000008000abc                MemManage_Handler
 .text.BusFault_Handler
                0x0000000008000ac2        0x6 ./Core/Src/stm32f1xx_it.o
                0x0000000008000ac2                BusFault_Handler
 .text.UsageFault_Handler
                0x0000000008000ac8        0x6 ./Core/Src/stm32f1xx_it.o
                0x0000000008000ac8                UsageFault_Handler
 .text.SVC_Handler
                0x0000000008000ace        0xc ./Core/Src/stm32f1xx_it.o
                0x0000000008000ace                SVC_Handler
 .text.DebugMon_Handler
                0x0000000008000ada        0xc ./Core/Src/stm32f1xx_it.o
                0x0000000008000ada                DebugMon_Handler
 .text.PendSV_Handler
                0x0000000008000ae6        0xc ./Core/Src/stm32f1xx_it.o
                0x0000000008000ae6                PendSV_Handler
 .text.SysTick_Handler
                0x0000000008000af2        0xc ./Core/Src/stm32f1xx_it.o
                0x0000000008000af2                SysTick_Handler
 .text.EXTI15_10_IRQHandler
                0x0000000008000afe       0x10 ./Core/Src/stm32f1xx_it.o
                0x0000000008000afe                EXTI15_10_IRQHandler
 .text.SystemInit
                0x0000000008000b0e        0xc ./Core/Src/system_stm32f1xx.o
                0x0000000008000b0e                SystemInit
 *fill*         0x0000000008000b1a        0x2 
 .text.Reset_Handler
                0x0000000008000b1c       0x48 ./Core/Startup/startup_stm32f103rbtx.o
                0x0000000008000b1c                Reset_Handler
 .text.Default_Handler
                0x0000000008000b64        0x2 ./Core/Startup/startup_stm32f103rbtx.o
                0x0000000008000b64                RTC_Alarm_IRQHandler
                0x0000000008000b64                EXTI2_IRQHandler
                0x0000000008000b64                TIM1_CC_IRQHandler
                0x0000000008000b64                PVD_IRQHandler
                0x0000000008000b64                EXTI3_IRQHandler
                0x0000000008000b64                EXTI0_IRQHandler
                0x0000000008000b64                I2C2_EV_IRQHandler
                0x0000000008000b64                ADC1_2_IRQHandler
                0x0000000008000b64                SPI1_IRQHandler
                0x0000000008000b64                TAMPER_IRQHandler
                0x0000000008000b64                DMA1_Channel4_IRQHandler
                0x0000000008000b64                USART3_IRQHandler
                0x0000000008000b64                RTC_IRQHandler
                0x0000000008000b64                DMA1_Channel7_IRQHandler
                0x0000000008000b64                CAN1_RX1_IRQHandler
                0x0000000008000b64                TIM4_IRQHandler
                0x0000000008000b64                I2C1_EV_IRQHandler
                0x0000000008000b64                DMA1_Channel6_IRQHandler
                0x0000000008000b64                TIM3_IRQHandler
                0x0000000008000b64                RCC_IRQHandler
                0x0000000008000b64                TIM1_TRG_COM_IRQHandler
                0x0000000008000b64                DMA1_Channel1_IRQHandler
                0x0000000008000b64                Default_Handler
                0x0000000008000b64                EXTI9_5_IRQHandler
                0x0000000008000b64                SPI2_IRQHandler
                0x0000000008000b64                DMA1_Channel5_IRQHandler
                0x0000000008000b64                EXTI4_IRQHandler
                0x0000000008000b64                USB_LP_CAN1_RX0_IRQHandler
                0x0000000008000b64                USB_HP_CAN1_TX_IRQHandler
                0x0000000008000b64                DMA1_Channel3_IRQHandler
                0x0000000008000b64                TIM1_UP_IRQHandler
                0x0000000008000b64                WWDG_IRQHandler
                0x0000000008000b64                TIM2_IRQHandler
                0x0000000008000b64                TIM1_BRK_IRQHandler
                0x0000000008000b64                EXTI1_IRQHandler
                0x0000000008000b64                USART2_IRQHandler
                0x0000000008000b64                I2C2_ER_IRQHandler
                0x0000000008000b64                DMA1_Channel2_IRQHandler
                0x0000000008000b64                CAN1_SCE_IRQHandler
                0x0000000008000b64                FLASH_IRQHandler
                0x0000000008000b64                USART1_IRQHandler
                0x0000000008000b64                I2C1_ER_IRQHandler
                0x0000000008000b64                USBWakeUp_IRQHandler
 *fill*         0x0000000008000b66        0x2 
 .text.HAL_Init
                0x0000000008000b68       0x2c ./Drivers/STM32F1xx_HAL_Driver/Src/stm32f1xx_hal.o
                0x0000000008000b68                HAL_Init
 .text.HAL_InitTick
                0x0000000008000b94       0x60 ./Drivers/STM32F1xx_HAL_Driver/Src/stm32f1xx_hal.o
                0x0000000008000b94                HAL_InitTick
 .text.HAL_IncTick
                0x0000000008000bf4       0x24 ./Drivers/STM32F1xx_HAL_Driver/Src/stm32f1xx_hal.o
                0x0000000008000bf4                HAL_IncTick
 .text.HAL_GetTick
                0x0000000008000c18       0x14 ./Drivers/STM32F1xx_HAL_Driver/Src/stm32f1xx_hal.o
                0x0000000008000c18                HAL_GetTick
 .text.HAL_Delay
                0x0000000008000c2c       0x48 ./Drivers/STM32F1xx_HAL_Driver/Src/stm32f1xx_hal.o
                0x0000000008000c2c                HAL_Delay
 .text.__NVIC_SetPriorityGrouping
                0x0000000008000c74       0x48 ./Drivers/STM32F1xx_HAL_Driver/Src/stm32f1xx_hal_cortex.o
 .text.__NVIC_GetPriorityGrouping
                0x0000000008000cbc       0x1c ./Drivers/STM32F1xx_HAL_Driver/Src/stm32f1xx_hal_cortex.o
 .text.__NVIC_EnableIRQ
                0x0000000008000cd8       0x38 ./Drivers/STM32F1xx_HAL_Driver/Src/stm32f1xx_hal_cortex.o
 .text.__NVIC_SetPriority
                0x0000000008000d10       0x54 ./Drivers/STM32F1xx_HAL_Driver/Src/stm32f1xx_hal_cortex.o
 .text.NVIC_EncodePriority
                0x0000000008000d64       0x64 ./Drivers/STM32F1xx_HAL_Driver/Src/stm32f1xx_hal_cortex.o
 .text.SysTick_Config
                0x0000000008000dc8       0x44 ./Drivers/STM32F1xx_HAL_Driver/Src/stm32f1xx_hal_cortex.o
 .text.HAL_NVIC_SetPriorityGrouping
                0x0000000008000e0c       0x16 ./Drivers/STM32F1xx_HAL_Driver/Src/stm32f1xx_hal_cortex.o
                0x0000000008000e0c                HAL_NVIC_SetPriorityGrouping
 .text.HAL_NVIC_SetPriority
                0x0000000008000e22       0x38 ./Drivers/STM32F1xx_HAL_Driver/Src/stm32f1xx_hal_cortex.o
                0x0000000008000e22                HAL_NVIC_SetPriority
 .text.HAL_NVIC_EnableIRQ
                0x0000000008000e5a       0x1c ./Drivers/STM32F1xx_HAL_Driver/Src/stm32f1xx_hal_cortex.o
                0x0000000008000e5a                HAL_NVIC_EnableIRQ
 .text.HAL_SYSTICK_Config
                0x0000000008000e76       0x18 ./Drivers/STM32F1xx_HAL_Driver/Src/stm32f1xx_hal_cortex.o
                0x0000000008000e76                HAL_SYSTICK_Config
 *fill*         0x0000000008000e8e        0x2 
 .text.HAL_GPIO_Init
                0x0000000008000e90      0x308 ./Drivers/STM32F1xx_HAL_Driver/Src/stm32f1xx_hal_gpio.o
                0x0000000008000e90                HAL_GPIO_Init
 .text.HAL_GPIO_WritePin
                0x0000000008001198       0x30 ./Drivers/STM32F1xx_HAL_Driver/Src/stm32f1xx_hal_gpio.o
                0x0000000008001198                HAL_GPIO_WritePin
 .text.HAL_GPIO_TogglePin
                0x00000000080011c8       0x32 ./Drivers/STM32F1xx_HAL_Driver/Src/stm32f1xx_hal_gpio.o
                0x00000000080011c8                HAL_GPIO_TogglePin
 *fill*         0x00000000080011fa        0x2 
 .text.HAL_GPIO_EXTI_IRQHandler
                0x00000000080011fc       0x30 ./Drivers/STM32F1xx_HAL_Driver/Src/stm32f1xx_hal_gpio.o
                0x00000000080011fc                HAL_GPIO_EXTI_IRQHandler
 .text.HAL_GPIO_EXTI_Callback
                0x000000000800122c       0x14 ./Drivers/STM32F1xx_HAL_Driver/Src/stm32f1xx_hal_gpio.o
                0x000000000800122c                HAL_GPIO_EXTI_Callback
 .text.HAL_RCC_OscConfig
                0x0000000008001240      0x504 ./Drivers/STM32F1xx_HAL_Driver/Src/stm32f1xx_hal_rcc.o
                0x0000000008001240                HAL_RCC_OscConfig
 .text.HAL_RCC_ClockConfig
                0x0000000008001744      0x1d4 ./Drivers/STM32F1xx_HAL_Driver/Src/stm32f1xx_hal_rcc.o
                0x0000000008001744                HAL_RCC_ClockConfig
 .text.HAL_RCC_GetSysClockFreq
                0x0000000008001918       0xa8 ./Drivers/STM32F1xx_HAL_Driver/Src/stm32f1xx_hal_rcc.o
                0x0000000008001918                HAL_RCC_GetSysClockFreq
 .text.HAL_RCC_GetHCLKFreq
                0x00000000080019c0       0x14 ./Drivers/STM32F1xx_HAL_Driver/Src/stm32f1xx_hal_rcc.o
                0x00000000080019c0                HAL_RCC_GetHCLKFreq
 .text.HAL_RCC_GetPCLK1Freq
                0x00000000080019d4       0x28 ./Drivers/STM32F1xx_HAL_Driver/Src/stm32f1xx_hal_rcc.o
                0x00000000080019d4                HAL_RCC_GetPCLK1Freq
 .text.HAL_RCC_GetPCLK2Freq
                0x00000000080019fc       0x28 ./Drivers/STM32F1xx_HAL_Driver/Src/stm32f1xx_hal_rcc.o
                0x00000000080019fc                HAL_RCC_GetPCLK2Freq
 .text.RCC_Delay
                0x0000000008001a24       0x3c ./Drivers/STM32F1xx_HAL_Driver/Src/stm32f1xx_hal_rcc.o
 .text.HAL_SPI_Init
                0x0000000008001a60      0x108 ./Drivers/STM32F1xx_HAL_Driver/Src/stm32f1xx_hal_spi.o
                0x0000000008001a60                HAL_SPI_Init
 .text.HAL_SPI_Transmit
                0x0000000008001b68      0x286 ./Drivers/STM32F1xx_HAL_Driver/Src/stm32f1xx_hal_spi.o
                0x0000000008001b68                HAL_SPI_Transmit
 .text.HAL_SPI_Receive
                0x0000000008001dee      0x230 ./Drivers/STM32F1xx_HAL_Driver/Src/stm32f1xx_hal_spi.o
                0x0000000008001dee                HAL_SPI_Receive
 .text.HAL_SPI_TransmitReceive
                0x000000000800201e      0x360 ./Drivers/STM32F1xx_HAL_Driver/Src/stm32f1xx_hal_spi.o
                0x000000000800201e                HAL_SPI_TransmitReceive
 *fill*         0x000000000800237e        0x2 
 .text.SPI_WaitFlagStateUntilTimeout
                0x0000000008002380      0x110 ./Drivers/STM32F1xx_HAL_Driver/Src/stm32f1xx_hal_spi.o
 .text.SPI_EndRxTransaction
                0x0000000008002490       0xa4 ./Drivers/STM32F1xx_HAL_Driver/Src/stm32f1xx_hal_spi.o
 .text.SPI_EndRxTxTransaction
                0x0000000008002534       0x3c ./Drivers/STM32F1xx_HAL_Driver/Src/stm32f1xx_hal_spi.o
 .text.HAL_UART_Init
                0x0000000008002570       0xa0 ./Drivers/STM32F1xx_HAL_Driver/Src/stm32f1xx_hal_uart.o
                0x0000000008002570                HAL_UART_Init
 .text.HAL_UART_Transmit
                0x0000000008002610      0x106 ./Drivers/STM32F1xx_HAL_Driver/Src/stm32f1xx_hal_uart.o
                0x0000000008002610                HAL_UART_Transmit
 .text.UART_WaitOnFlagUntilTimeout
                0x0000000008002716       0xdc ./Drivers/STM32F1xx_HAL_Driver/Src/stm32f1xx_hal_uart.o
 *fill*         0x00000000080027f2        0x2 
 .text.UART_SetConfig
                0x00000000080027f4      0x11c ./Drivers/STM32F1xx_HAL_Driver/Src/stm32f1xx_hal_uart.o
 .text.memset   0x0000000008002910       0x10 E:/STM_332/STM32CubeIDE_1.13.2/STM32CubeIDE/plugins/com.st.stm32cube.ide.mcu.externaltools.gnu-tools-for-stm32.11.3.rel1.win32_1.1.1.202309131626/tools/bin/../lib/gcc/arm-none-eabi/11.3.1/../../../../arm-none-eabi/lib/thumb/v7-m/nofp\libc_nano.a(libc_a-memset.o)
                0x0000000008002910                memset
 .text.__libc_init_array
                0x0000000008002920       0x48 E:/STM_332/STM32CubeIDE_1.13.2/STM32CubeIDE/plugins/com.st.stm32cube.ide.mcu.externaltools.gnu-tools-for-stm32.11.3.rel1.win32_1.1.1.202309131626/tools/bin/../lib/gcc/arm-none-eabi/11.3.1/../../../../arm-none-eabi/lib/thumb/v7-m/nofp\libc_nano.a(libc_a-init.o)
                0x0000000008002920                __libc_init_array
 *(.glue_7)
 .glue_7        0x0000000008002968        0x0 linker stubs
 *(.glue_7t)
 .glue_7t       0x0000000008002968        0x0 linker stubs
 *(.eh_frame)
 .eh_frame      0x0000000008002968        0x0 E:/STM_332/STM32CubeIDE_1.13.2/STM32CubeIDE/plugins/com.st.stm32cube.ide.mcu.externaltools.gnu-tools-for-stm32.11.3.rel1.win32_1.1.1.202309131626/tools/bin/../lib/gcc/arm-none-eabi/11.3.1/thumb/v7-m/nofp/crtbegin.o
 *(.init)
 .init          0x0000000008002968        0x4 E:/STM_332/STM32CubeIDE_1.13.2/STM32CubeIDE/plugins/com.st.stm32cube.ide.mcu.externaltools.gnu-tools-for-stm32.11.3.rel1.win32_1.1.1.202309131626/tools/bin/../lib/gcc/arm-none-eabi/11.3.1/thumb/v7-m/nofp/crti.o
                0x0000000008002968                _init
 .init          0x000000000800296c        0x8 E:/STM_332/STM32CubeIDE_1.13.2/STM32CubeIDE/plugins/com.st.stm32cube.ide.mcu.externaltools.gnu-tools-for-stm32.11.3.rel1.win32_1.1.1.202309131626/tools/bin/../lib/gcc/arm-none-eabi/11.3.1/thumb/v7-m/nofp/crtn.o
 *(.fini)
 .fini          0x0000000008002974        0x4 E:/STM_332/STM32CubeIDE_1.13.2/STM32CubeIDE/plugins/com.st.stm32cube.ide.mcu.externaltools.gnu-tools-for-stm32.11.3.rel1.win32_1.1.1.202309131626/tools/bin/../lib/gcc/arm-none-eabi/11.3.1/thumb/v7-m/nofp/crti.o
                0x0000000008002974                _fini
 .fini          0x0000000008002978        0x8 E:/STM_332/STM32CubeIDE_1.13.2/STM32CubeIDE/plugins/com.st.stm32cube.ide.mcu.externaltools.gnu-tools-for-stm32.11.3.rel1.win32_1.1.1.202309131626/tools/bin/../lib/gcc/arm-none-eabi/11.3.1/thumb/v7-m/nofp/crtn.o
                0x0000000008002980                . = ALIGN (0x4)
                0x0000000008002980                _etext = .

.vfp11_veneer   0x0000000008002980        0x0
 .vfp11_veneer  0x0000000008002980        0x0 linker stubs

.v4_bx          0x0000000008002980        0x0
 .v4_bx         0x0000000008002980        0x0 linker stubs

.iplt           0x0000000008002980        0x0
 .iplt          0x0000000008002980        0x0 E:/STM_332/STM32CubeIDE_1.13.2/STM32CubeIDE/plugins/com.st.stm32cube.ide.mcu.externaltools.gnu-tools-for-stm32.11.3.rel1.win32_1.1.1.202309131626/tools/bin/../lib/gcc/arm-none-eabi/11.3.1/thumb/v7-m/nofp/crtbegin.o

.rodata         0x0000000008002980       0x3c
                0x0000000008002980                . = ALIGN (0x4)
 *(.rodata)
 .rodata        0x0000000008002980        0xd ./Core/Src/NRF24L01.o
 *(.rodata*)
 *fill*         0x000000000800298d        0x3 
 .rodata.AHBPrescTable
                0x0000000008002990       0x10 ./Core/Src/system_stm32f1xx.o
                0x0000000008002990                AHBPrescTable
 .rodata.APBPrescTable
                0x00000000080029a0        0x8 ./Core/Src/system_stm32f1xx.o
                0x00000000080029a0                APBPrescTable
 .rodata.aPLLMULFactorTable.1
                0x00000000080029a8       0x10 ./Drivers/STM32F1xx_HAL_Driver/Src/stm32f1xx_hal_rcc.o
 .rodata.aPredivFactorTable.0
                0x00000000080029b8        0x2 ./Drivers/STM32F1xx_HAL_Driver/Src/stm32f1xx_hal_rcc.o
                0x00000000080029bc                . = ALIGN (0x4)
 *fill*         0x00000000080029ba        0x2 

.rel.dyn        0x00000000080029bc        0x0
 .rel.iplt      0x00000000080029bc        0x0 E:/STM_332/STM32CubeIDE_1.13.2/STM32CubeIDE/plugins/com.st.stm32cube.ide.mcu.externaltools.gnu-tools-for-stm32.11.3.rel1.win32_1.1.1.202309131626/tools/bin/../lib/gcc/arm-none-eabi/11.3.1/thumb/v7-m/nofp/crtbegin.o

.ARM.extab      0x00000000080029bc        0x0
                0x00000000080029bc                . = ALIGN (0x4)
 *(.ARM.extab* .gnu.linkonce.armextab.*)
                0x00000000080029bc                . = ALIGN (0x4)

.ARM            0x00000000080029bc        0x0
                0x00000000080029bc                . = ALIGN (0x4)
                0x00000000080029bc                __exidx_start = .
 *(.ARM.exidx*)
                0x00000000080029bc                __exidx_end = .
                0x00000000080029bc                . = ALIGN (0x4)

.preinit_array  0x00000000080029bc        0x0
                0x00000000080029bc                . = ALIGN (0x4)
                0x00000000080029bc                PROVIDE (__preinit_array_start = .)
 *(.preinit_array*)
                0x00000000080029bc                PROVIDE (__preinit_array_end = .)
                0x00000000080029bc                . = ALIGN (0x4)

.init_array     0x00000000080029bc        0x4
                0x00000000080029bc                . = ALIGN (0x4)
                0x00000000080029bc                PROVIDE (__init_array_start = .)
 *(SORT_BY_NAME(.init_array.*))
 *(.init_array*)
 .init_array    0x00000000080029bc        0x4 E:/STM_332/STM32CubeIDE_1.13.2/STM32CubeIDE/plugins/com.st.stm32cube.ide.mcu.externaltools.gnu-tools-for-stm32.11.3.rel1.win32_1.1.1.202309131626/tools/bin/../lib/gcc/arm-none-eabi/11.3.1/thumb/v7-m/nofp/crtbegin.o
                0x00000000080029c0                PROVIDE (__init_array_end = .)
                0x00000000080029c0                . = ALIGN (0x4)

.fini_array     0x00000000080029c0        0x4
                0x00000000080029c0                . = ALIGN (0x4)
                [!provide]                        PROVIDE (__fini_array_start = .)
 *(SORT_BY_NAME(.fini_array.*))
 *(.fini_array*)
 .fini_array    0x00000000080029c0        0x4 E:/STM_332/STM32CubeIDE_1.13.2/STM32CubeIDE/plugins/com.st.stm32cube.ide.mcu.externaltools.gnu-tools-for-stm32.11.3.rel1.win32_1.1.1.202309131626/tools/bin/../lib/gcc/arm-none-eabi/11.3.1/thumb/v7-m/nofp/crtbegin.o
                [!provide]                        PROVIDE (__fini_array_end = .)
                0x00000000080029c4                . = ALIGN (0x4)
                0x00000000080029c4                _sidata = LOADADDR (.data)

.data           0x0000000020000000       0x14 load address 0x00000000080029c4
                0x0000000020000000                . = ALIGN (0x4)
                0x0000000020000000                _sdata = .
 *(.data)
 *(.data*)
 .data.RxAddress
                0x0000000020000000        0x5 ./Core/Src/main.o
                0x0000000020000000                RxAddress
 *fill*         0x0000000020000005        0x3 
 .data.SystemCoreClock
                0x0000000020000008        0x4 ./Core/Src/system_stm32f1xx.o
                0x0000000020000008                SystemCoreClock
 .data.uwTickPrio
                0x000000002000000c        0x4 ./Drivers/STM32F1xx_HAL_Driver/Src/stm32f1xx_hal.o
                0x000000002000000c                uwTickPrio
 .data.uwTickFreq
                0x0000000020000010        0x1 ./Drivers/STM32F1xx_HAL_Driver/Src/stm32f1xx_hal.o
                0x0000000020000010                uwTickFreq
 *(.RamFunc)
 *(.RamFunc*)
                0x0000000020000014                . = ALIGN (0x4)
 *fill*         0x0000000020000011        0x3 
                0x0000000020000014                _edata = .

.igot.plt       0x0000000020000014        0x0 load address 0x00000000080029d8
 .igot.plt      0x0000000020000014        0x0 E:/STM_332/STM32CubeIDE_1.13.2/STM32CubeIDE/plugins/com.st.stm32cube.ide.mcu.externaltools.gnu-tools-for-stm32.11.3.rel1.win32_1.1.1.202309131626/tools/bin/../lib/gcc/arm-none-eabi/11.3.1/thumb/v7-m/nofp/crtbegin.o
                0x0000000020000014                . = ALIGN (0x4)

.bss            0x0000000020000014      0x114 load address 0x00000000080029d8
                0x0000000020000014                _sbss = .
                0x0000000020000014                __bss_start__ = _sbss
 *(.bss)
 .bss           0x0000000020000014       0x1c E:/STM_332/STM32CubeIDE_1.13.2/STM32CubeIDE/plugins/com.st.stm32cube.ide.mcu.externaltools.gnu-tools-for-stm32.11.3.rel1.win32_1.1.1.202309131626/tools/bin/../lib/gcc/arm-none-eabi/11.3.1/thumb/v7-m/nofp/crtbegin.o
 *(.bss*)
 .bss.hspi2     0x0000000020000030       0x58 ./Core/Src/main.o
                0x0000000020000030                hspi2
 .bss.huart2    0x0000000020000088       0x48 ./Core/Src/main.o
                0x0000000020000088                huart2
 .bss.RxData    0x00000000200000d0       0x20 ./Core/Src/main.o
                0x00000000200000d0                RxData
 .bss.data      0x00000000200000f0       0x32 ./Core/Src/main.o
                0x00000000200000f0                data
 *fill*         0x0000000020000122        0x2 
 .bss.uwTick    0x0000000020000124        0x4 ./Drivers/STM32F1xx_HAL_Driver/Src/stm32f1xx_hal.o
                0x0000000020000124                uwTick
 *(COMMON)
                0x0000000020000128                . = ALIGN (0x4)
                0x0000000020000128                _ebss = .
                0x0000000020000128                __bss_end__ = _ebss

._user_heap_stack
                0x0000000020000128      0x600 load address 0x00000000080029d8
                0x0000000020000128                . = ALIGN (0x8)
                [!provide]                        PROVIDE (end = .)
                0x0000000020000128                PROVIDE (_end = .)
                0x0000000020000328                . = (. + _Min_Heap_Size)
 *fill*         0x0000000020000128      0x200 
                0x0000000020000728                . = (. + _Min_Stack_Size)
 *fill*         0x0000000020000328      0x400 
                0x0000000020000728                . = ALIGN (0x8)

/DISCARD/
 libc.a(*)
 libm.a(*)
 libgcc.a(*)

.ARM.attributes
                0x0000000000000000       0x29
 *(.ARM.attributes)
 .ARM.attributes
                0x0000000000000000       0x1d E:/STM_332/STM32CubeIDE_1.13.2/STM32CubeIDE/plugins/com.st.stm32cube.ide.mcu.externaltools.gnu-tools-for-stm32.11.3.rel1.win32_1.1.1.202309131626/tools/bin/../lib/gcc/arm-none-eabi/11.3.1/thumb/v7-m/nofp/crti.o
 .ARM.attributes
                0x000000000000001d       0x2d E:/STM_332/STM32CubeIDE_1.13.2/STM32CubeIDE/plugins/com.st.stm32cube.ide.mcu.externaltools.gnu-tools-for-stm32.11.3.rel1.win32_1.1.1.202309131626/tools/bin/../lib/gcc/arm-none-eabi/11.3.1/thumb/v7-m/nofp/crtbegin.o
 .ARM.attributes
                0x000000000000004a       0x2d ./Core/Src/NRF24L01.o
 .ARM.attributes
                0x0000000000000077       0x2d ./Core/Src/main.o
 .ARM.attributes
                0x00000000000000a4       0x2d ./Core/Src/stm32f1xx_hal_msp.o
 .ARM.attributes
                0x00000000000000d1       0x2d ./Core/Src/stm32f1xx_it.o
 .ARM.attributes
                0x00000000000000fe       0x2d ./Core/Src/system_stm32f1xx.o
 .ARM.attributes
                0x000000000000012b       0x21 ./Core/Startup/startup_stm32f103rbtx.o
 .ARM.attributes
                0x000000000000014c       0x2d ./Drivers/STM32F1xx_HAL_Driver/Src/stm32f1xx_hal.o
 .ARM.attributes
                0x0000000000000179       0x2d ./Drivers/STM32F1xx_HAL_Driver/Src/stm32f1xx_hal_cortex.o
 .ARM.attributes
                0x00000000000001a6       0x2d ./Drivers/STM32F1xx_HAL_Driver/Src/stm32f1xx_hal_gpio.o
 .ARM.attributes
                0x00000000000001d3       0x2d ./Drivers/STM32F1xx_HAL_Driver/Src/stm32f1xx_hal_rcc.o
 .ARM.attributes
                0x0000000000000200       0x2d ./Drivers/STM32F1xx_HAL_Driver/Src/stm32f1xx_hal_spi.o
 .ARM.attributes
                0x000000000000022d       0x2d ./Drivers/STM32F1xx_HAL_Driver/Src/stm32f1xx_hal_uart.o
 .ARM.attributes
                0x000000000000025a       0x2d E:/STM_332/STM32CubeIDE_1.13.2/STM32CubeIDE/plugins/com.st.stm32cube.ide.mcu.externaltools.gnu-tools-for-stm32.11.3.rel1.win32_1.1.1.202309131626/tools/bin/../lib/gcc/arm-none-eabi/11.3.1/../../../../arm-none-eabi/lib/thumb/v7-m/nofp\libc_nano.a(libc_a-memset.o)
 .ARM.attributes
                0x0000000000000287       0x2d E:/STM_332/STM32CubeIDE_1.13.2/STM32CubeIDE/plugins/com.st.stm32cube.ide.mcu.externaltools.gnu-tools-for-stm32.11.3.rel1.win32_1.1.1.202309131626/tools/bin/../lib/gcc/arm-none-eabi/11.3.1/../../../../arm-none-eabi/lib/thumb/v7-m/nofp\libc_nano.a(libc_a-init.o)
 .ARM.attributes
                0x00000000000002b4       0x17 E:/STM_332/STM32CubeIDE_1.13.2/STM32CubeIDE/plugins/com.st.stm32cube.ide.mcu.externaltools.gnu-tools-for-stm32.11.3.rel1.win32_1.1.1.202309131626/tools/bin/../lib/gcc/arm-none-eabi/11.3.1/../../../../arm-none-eabi/lib/thumb/v7-m/nofp\libc_nano.a(libc_a-strlen.o)
 .ARM.attributes
                0x00000000000002cb       0x1d E:/STM_332/STM32CubeIDE_1.13.2/STM32CubeIDE/plugins/com.st.stm32cube.ide.mcu.externaltools.gnu-tools-for-stm32.11.3.rel1.win32_1.1.1.202309131626/tools/bin/../lib/gcc/arm-none-eabi/11.3.1/thumb/v7-m/nofp/crtn.o
OUTPUT(STM_NRF_F1_Rec.elf elf32-littlearm)
LOAD linker stubs
LOAD E:/STM_332/STM32CubeIDE_1.13.2/STM32CubeIDE/plugins/com.st.stm32cube.ide.mcu.externaltools.gnu-tools-for-stm32.11.3.rel1.win32_1.1.1.202309131626/tools/bin/../lib/gcc/arm-none-eabi/11.3.1/../../../../arm-none-eabi/lib/thumb/v7-m/nofp\libc.a
LOAD E:/STM_332/STM32CubeIDE_1.13.2/STM32CubeIDE/plugins/com.st.stm32cube.ide.mcu.externaltools.gnu-tools-for-stm32.11.3.rel1.win32_1.1.1.202309131626/tools/bin/../lib/gcc/arm-none-eabi/11.3.1/../../../../arm-none-eabi/lib/thumb/v7-m/nofp\libm.a
LOAD E:/STM_332/STM32CubeIDE_1.13.2/STM32CubeIDE/plugins/com.st.stm32cube.ide.mcu.externaltools.gnu-tools-for-stm32.11.3.rel1.win32_1.1.1.202309131626/tools/bin/../lib/gcc/arm-none-eabi/11.3.1/thumb/v7-m/nofp\libgcc.a

.comment        0x0000000000000000       0x43
 .comment       0x0000000000000000       0x43 E:/STM_332/STM32CubeIDE_1.13.2/STM32CubeIDE/plugins/com.st.stm32cube.ide.mcu.externaltools.gnu-tools-for-stm32.11.3.rel1.win32_1.1.1.202309131626/tools/bin/../lib/gcc/arm-none-eabi/11.3.1/thumb/v7-m/nofp/crtbegin.o
                                         0x44 (size before relaxing)
 .comment       0x0000000000000043       0x44 ./Core/Src/NRF24L01.o
 .comment       0x0000000000000043       0x44 ./Core/Src/main.o
 .comment       0x0000000000000043       0x44 ./Core/Src/stm32f1xx_hal_msp.o
 .comment       0x0000000000000043       0x44 ./Core/Src/stm32f1xx_it.o
 .comment       0x0000000000000043       0x44 ./Core/Src/system_stm32f1xx.o
 .comment       0x0000000000000043       0x44 ./Drivers/STM32F1xx_HAL_Driver/Src/stm32f1xx_hal.o
 .comment       0x0000000000000043       0x44 ./Drivers/STM32F1xx_HAL_Driver/Src/stm32f1xx_hal_cortex.o
 .comment       0x0000000000000043       0x44 ./Drivers/STM32F1xx_HAL_Driver/Src/stm32f1xx_hal_gpio.o
 .comment       0x0000000000000043       0x44 ./Drivers/STM32F1xx_HAL_Driver/Src/stm32f1xx_hal_rcc.o
 .comment       0x0000000000000043       0x44 ./Drivers/STM32F1xx_HAL_Driver/Src/stm32f1xx_hal_spi.o
 .comment       0x0000000000000043       0x44 ./Drivers/STM32F1xx_HAL_Driver/Src/stm32f1xx_hal_uart.o

.debug_info     0x0000000000000000     0x8af4
 .debug_info    0x0000000000000000      0x9fa ./Core/Src/NRF24L01.o
 .debug_info    0x00000000000009fa      0xed4 ./Core/Src/main.o
 .debug_info    0x00000000000018ce      0xae0 ./Core/Src/stm32f1xx_hal_msp.o
 .debug_info    0x00000000000023ae      0x14b ./Core/Src/stm32f1xx_it.o
 .debug_info    0x00000000000024f9      0x222 ./Core/Src/system_stm32f1xx.o
 .debug_info    0x000000000000271b       0x23 ./Core/Startup/startup_stm32f103rbtx.o
 .debug_info    0x000000000000273e      0x704 ./Drivers/STM32F1xx_HAL_Driver/Src/stm32f1xx_hal.o
 .debug_info    0x0000000000002e42      0xa87 ./Drivers/STM32F1xx_HAL_Driver/Src/stm32f1xx_hal_cortex.o
 .debug_info    0x00000000000038c9      0x5ab ./Drivers/STM32F1xx_HAL_Driver/Src/stm32f1xx_hal_gpio.o
 .debug_info    0x0000000000003e74      0x7d5 ./Drivers/STM32F1xx_HAL_Driver/Src/stm32f1xx_hal_rcc.o
 .debug_info    0x0000000000004649     0x1503 ./Drivers/STM32F1xx_HAL_Driver/Src/stm32f1xx_hal_spi.o
 .debug_info    0x0000000000005b4c     0x2fa8 ./Drivers/STM32F1xx_HAL_Driver/Src/stm32f1xx_hal_uart.o

.debug_abbrev   0x0000000000000000     0x17bd
 .debug_abbrev  0x0000000000000000      0x29d ./Core/Src/NRF24L01.o
 .debug_abbrev  0x000000000000029d      0x291 ./Core/Src/main.o
 .debug_abbrev  0x000000000000052e      0x1ac ./Core/Src/stm32f1xx_hal_msp.o
 .debug_abbrev  0x00000000000006da       0xa0 ./Core/Src/stm32f1xx_it.o
 .debug_abbrev  0x000000000000077a      0x13f ./Core/Src/system_stm32f1xx.o
 .debug_abbrev  0x00000000000008b9       0x12 ./Core/Startup/startup_stm32f103rbtx.o
 .debug_abbrev  0x00000000000008cb      0x201 ./Drivers/STM32F1xx_HAL_Driver/Src/stm32f1xx_hal.o
 .debug_abbrev  0x0000000000000acc      0x2f8 ./Drivers/STM32F1xx_HAL_Driver/Src/stm32f1xx_hal_cortex.o
 .debug_abbrev  0x0000000000000dc4      0x1ca ./Drivers/STM32F1xx_HAL_Driver/Src/stm32f1xx_hal_gpio.o
 .debug_abbrev  0x0000000000000f8e      0x2b3 ./Drivers/STM32F1xx_HAL_Driver/Src/stm32f1xx_hal_rcc.o
 .debug_abbrev  0x0000000000001241      0x284 ./Drivers/STM32F1xx_HAL_Driver/Src/stm32f1xx_hal_spi.o
 .debug_abbrev  0x00000000000014c5      0x2f8 ./Drivers/STM32F1xx_HAL_Driver/Src/stm32f1xx_hal_uart.o

.debug_aranges  0x0000000000000000      0x880
 .debug_aranges
                0x0000000000000000       0xa0 ./Core/Src/NRF24L01.o
 .debug_aranges
                0x00000000000000a0       0x48 ./Core/Src/main.o
 .debug_aranges
                0x00000000000000e8       0x40 ./Core/Src/stm32f1xx_hal_msp.o
 .debug_aranges
                0x0000000000000128       0x68 ./Core/Src/stm32f1xx_it.o
 .debug_aranges
                0x0000000000000190       0x28 ./Core/Src/system_stm32f1xx.o
 .debug_aranges
                0x00000000000001b8       0x28 ./Core/Startup/startup_stm32f103rbtx.o
 .debug_aranges
                0x00000000000001e0       0xe0 ./Drivers/STM32F1xx_HAL_Driver/Src/stm32f1xx_hal.o
 .debug_aranges
                0x00000000000002c0      0x100 ./Drivers/STM32F1xx_HAL_Driver/Src/stm32f1xx_hal_cortex.o
 .debug_aranges
                0x00000000000003c0       0x58 ./Drivers/STM32F1xx_HAL_Driver/Src/stm32f1xx_hal_gpio.o
 .debug_aranges
                0x0000000000000418       0x90 ./Drivers/STM32F1xx_HAL_Driver/Src/stm32f1xx_hal_rcc.o
 .debug_aranges
                0x00000000000004a8      0x1d0 ./Drivers/STM32F1xx_HAL_Driver/Src/stm32f1xx_hal_spi.o
 .debug_aranges
                0x0000000000000678      0x208 ./Drivers/STM32F1xx_HAL_Driver/Src/stm32f1xx_hal_uart.o

.debug_rnglists
                0x0000000000000000      0x683
 .debug_rnglists
                0x0000000000000000       0x75 ./Core/Src/NRF24L01.o
 .debug_rnglists
                0x0000000000000075       0x33 ./Core/Src/main.o
 .debug_rnglists
                0x00000000000000a8       0x2c ./Core/Src/stm32f1xx_hal_msp.o
 .debug_rnglists
                0x00000000000000d4       0x49 ./Core/Src/stm32f1xx_it.o
 .debug_rnglists
                0x000000000000011d       0x1a ./Core/Src/system_stm32f1xx.o
 .debug_rnglists
                0x0000000000000137       0x19 ./Core/Startup/startup_stm32f103rbtx.o
 .debug_rnglists
                0x0000000000000150       0xa3 ./Drivers/STM32F1xx_HAL_Driver/Src/stm32f1xx_hal.o
 .debug_rnglists
                0x00000000000001f3       0xbb ./Drivers/STM32F1xx_HAL_Driver/Src/stm32f1xx_hal_cortex.o
 .debug_rnglists
                0x00000000000002ae       0x3f ./Drivers/STM32F1xx_HAL_Driver/Src/stm32f1xx_hal_gpio.o
 .debug_rnglists
                0x00000000000002ed       0x6c ./Drivers/STM32F1xx_HAL_Driver/Src/stm32f1xx_hal_rcc.o
 .debug_rnglists
                0x0000000000000359      0x16e ./Drivers/STM32F1xx_HAL_Driver/Src/stm32f1xx_hal_spi.o
 .debug_rnglists
                0x00000000000004c7      0x1bc ./Drivers/STM32F1xx_HAL_Driver/Src/stm32f1xx_hal_uart.o

.debug_macro    0x0000000000000000    0x16d6a
 .debug_macro   0x0000000000000000      0x1bf ./Core/Src/NRF24L01.o
 .debug_macro   0x00000000000001bf      0xa9c ./Core/Src/NRF24L01.o
 .debug_macro   0x0000000000000c5b      0x21b ./Core/Src/NRF24L01.o
 .debug_macro   0x0000000000000e76       0x2e ./Core/Src/NRF24L01.o
 .debug_macro   0x0000000000000ea4       0x22 ./Core/Src/NRF24L01.o
 .debug_macro   0x0000000000000ec6       0x22 ./Core/Src/NRF24L01.o
 .debug_macro   0x0000000000000ee8       0x8e ./Core/Src/NRF24L01.o
 .debug_macro   0x0000000000000f76       0x51 ./Core/Src/NRF24L01.o
 .debug_macro   0x0000000000000fc7      0x103 ./Core/Src/NRF24L01.o
 .debug_macro   0x00000000000010ca       0x6a ./Core/Src/NRF24L01.o
 .debug_macro   0x0000000000001134      0x1df ./Core/Src/NRF24L01.o
 .debug_macro   0x0000000000001313       0x1c ./Core/Src/NRF24L01.o
 .debug_macro   0x000000000000132f       0x22 ./Core/Src/NRF24L01.o
 .debug_macro   0x0000000000001351       0xbd ./Core/Src/NRF24L01.o
 .debug_macro   0x000000000000140e      0xd23 ./Core/Src/NRF24L01.o
 .debug_macro   0x0000000000002131     0xe09e ./Core/Src/NRF24L01.o
 .debug_macro   0x00000000000101cf       0x6d ./Core/Src/NRF24L01.o
 .debug_macro   0x000000000001023c     0x348d ./Core/Src/NRF24L01.o
 .debug_macro   0x00000000000136c9      0x174 ./Core/Src/NRF24L01.o
 .debug_macro   0x000000000001383d       0x5c ./Core/Src/NRF24L01.o
 .debug_macro   0x0000000000013899      0x5bc ./Core/Src/NRF24L01.o
 .debug_macro   0x0000000000013e55      0x289 ./Core/Src/NRF24L01.o
 .debug_macro   0x00000000000140de      0x1cb ./Core/Src/NRF24L01.o
 .debug_macro   0x00000000000142a9      0x114 ./Core/Src/NRF24L01.o
 .debug_macro   0x00000000000143bd      0x1b2 ./Core/Src/NRF24L01.o
 .debug_macro   0x000000000001456f       0x27 ./Core/Src/NRF24L01.o
 .debug_macro   0x0000000000014596      0x136 ./Core/Src/NRF24L01.o
 .debug_macro   0x00000000000146cc      0x1bc ./Core/Src/NRF24L01.o
 .debug_macro   0x0000000000014888       0x34 ./Core/Src/NRF24L01.o
 .debug_macro   0x00000000000148bc       0x3c ./Core/Src/NRF24L01.o
 .debug_macro   0x00000000000148f8       0x57 ./Core/Src/NRF24L01.o
 .debug_macro   0x000000000001494f       0x87 ./Core/Src/NRF24L01.o
 .debug_macro   0x00000000000149d6      0x240 ./Core/Src/NRF24L01.o
 .debug_macro   0x0000000000014c16      0x140 ./Core/Src/NRF24L01.o
 .debug_macro   0x0000000000014d56      0x217 ./Core/Src/NRF24L01.o
 .debug_macro   0x0000000000014f6d      0x28e ./Core/Src/NRF24L01.o
 .debug_macro   0x00000000000151fb       0x83 ./Core/Src/NRF24L01.o
 .debug_macro   0x000000000001527e       0xee ./Core/Src/NRF24L01.o
 .debug_macro   0x000000000001536c      0x27e ./Core/Src/main.o
 .debug_macro   0x00000000000155ea       0x76 ./Core/Src/main.o
 .debug_macro   0x0000000000015660       0x61 ./Core/Src/main.o
 .debug_macro   0x00000000000156c1       0x24 ./Core/Src/main.o
 .debug_macro   0x00000000000156e5       0x43 ./Core/Src/main.o
 .debug_macro   0x0000000000015728       0x34 ./Core/Src/main.o
 .debug_macro   0x000000000001575c       0x16 ./Core/Src/main.o
 .debug_macro   0x0000000000015772       0x43 ./Core/Src/main.o
 .debug_macro   0x00000000000157b5       0x34 ./Core/Src/main.o
 .debug_macro   0x00000000000157e9       0x10 ./Core/Src/main.o
 .debug_macro   0x00000000000157f9       0x58 ./Core/Src/main.o
 .debug_macro   0x0000000000015851       0x8e ./Core/Src/main.o
 .debug_macro   0x00000000000158df       0x1c ./Core/Src/main.o
 .debug_macro   0x00000000000158fb      0x177 ./Core/Src/main.o
 .debug_macro   0x0000000000015a72      0x369 ./Core/Src/main.o
 .debug_macro   0x0000000000015ddb       0x10 ./Core/Src/main.o
 .debug_macro   0x0000000000015deb       0x35 ./Core/Src/main.o
 .debug_macro   0x0000000000015e20       0x20 ./Core/Src/main.o
 .debug_macro   0x0000000000015e40      0x1a7 ./Core/Src/stm32f1xx_hal_msp.o
 .debug_macro   0x0000000000015fe7      0x1b1 ./Core/Src/stm32f1xx_it.o
 .debug_macro   0x0000000000016198      0x198 ./Core/Src/system_stm32f1xx.o
 .debug_macro   0x0000000000016330      0x1bc ./Drivers/STM32F1xx_HAL_Driver/Src/stm32f1xx_hal.o
 .debug_macro   0x00000000000164ec      0x198 ./Drivers/STM32F1xx_HAL_Driver/Src/stm32f1xx_hal_cortex.o
 .debug_macro   0x0000000000016684      0x203 ./Drivers/STM32F1xx_HAL_Driver/Src/stm32f1xx_hal_gpio.o
 .debug_macro   0x0000000000016887      0x1aa ./Drivers/STM32F1xx_HAL_Driver/Src/stm32f1xx_hal_rcc.o
 .debug_macro   0x0000000000016a31      0x1a0 ./Drivers/STM32F1xx_HAL_Driver/Src/stm32f1xx_hal_spi.o
 .debug_macro   0x0000000000016bd1      0x199 ./Drivers/STM32F1xx_HAL_Driver/Src/stm32f1xx_hal_uart.o

.debug_line     0x0000000000000000     0x9cfa
 .debug_line    0x0000000000000000      0x9f1 ./Core/Src/NRF24L01.o
 .debug_line    0x00000000000009f1      0x9ab ./Core/Src/main.o
 .debug_line    0x000000000000139c      0x794 ./Core/Src/stm32f1xx_hal_msp.o
 .debug_line    0x0000000000001b30      0x7d1 ./Core/Src/stm32f1xx_it.o
 .debug_line    0x0000000000002301      0x775 ./Core/Src/system_stm32f1xx.o
 .debug_line    0x0000000000002a76       0x78 ./Core/Startup/startup_stm32f103rbtx.o
 .debug_line    0x0000000000002aee      0x9a2 ./Drivers/STM32F1xx_HAL_Driver/Src/stm32f1xx_hal.o
 .debug_line    0x0000000000003490      0xb8a ./Drivers/STM32F1xx_HAL_Driver/Src/stm32f1xx_hal_cortex.o
 .debug_line    0x000000000000401a      0xa3b ./Drivers/STM32F1xx_HAL_Driver/Src/stm32f1xx_hal_gpio.o
 .debug_line    0x0000000000004a55      0xdab ./Drivers/STM32F1xx_HAL_Driver/Src/stm32f1xx_hal_rcc.o
 .debug_line    0x0000000000005800     0x1c2a ./Drivers/STM32F1xx_HAL_Driver/Src/stm32f1xx_hal_spi.o
 .debug_line    0x000000000000742a     0x28d0 ./Drivers/STM32F1xx_HAL_Driver/Src/stm32f1xx_hal_uart.o

.debug_str      0x0000000000000000    0x83359
 .debug_str     0x0000000000000000    0x7e12c ./Core/Src/NRF24L01.o
                                      0x7e4e0 (size before relaxing)
 .debug_str     0x000000000007e12c     0x396c ./Core/Src/main.o
                                      0x81d3c (size before relaxing)
 .debug_str     0x0000000000081a98       0xbb ./Core/Src/stm32f1xx_hal_msp.o
                                      0x7e497 (size before relaxing)
 .debug_str     0x0000000000081b53       0xf7 ./Core/Src/stm32f1xx_it.o
                                      0x7debe (size before relaxing)
 .debug_str     0x0000000000081c4a       0x7e ./Core/Src/system_stm32f1xx.o
                                      0x7dd04 (size before relaxing)
 .debug_str     0x0000000000081cc8       0x34 ./Core/Startup/startup_stm32f103rbtx.o
                                         0x73 (size before relaxing)
 .debug_str     0x0000000000081cfc      0x37a ./Drivers/STM32F1xx_HAL_Driver/Src/stm32f1xx_hal.o
                                      0x7e437 (size before relaxing)
 .debug_str     0x0000000000082076      0x2a8 ./Drivers/STM32F1xx_HAL_Driver/Src/stm32f1xx_hal_cortex.o
                                      0x7e383 (size before relaxing)
 .debug_str     0x000000000008231e      0x2ba ./Drivers/STM32F1xx_HAL_Driver/Src/stm32f1xx_hal_gpio.o
                                      0x7e08a (size before relaxing)
 .debug_str     0x00000000000825d8      0x229 ./Drivers/STM32F1xx_HAL_Driver/Src/stm32f1xx_hal_rcc.o
                                      0x7e133 (size before relaxing)
 .debug_str     0x0000000000082801      0x550 ./Drivers/STM32F1xx_HAL_Driver/Src/stm32f1xx_hal_spi.o
                                      0x7e630 (size before relaxing)
 .debug_str     0x0000000000082d51      0x608 ./Drivers/STM32F1xx_HAL_Driver/Src/stm32f1xx_hal_uart.o
                                      0x7e7a4 (size before relaxing)

.debug_frame    0x0000000000000000     0x21c8
 .debug_frame   0x0000000000000000      0x250 ./Core/Src/NRF24L01.o
 .debug_frame   0x0000000000000250       0xc4 ./Core/Src/main.o
 .debug_frame   0x0000000000000314       0xc8 ./Core/Src/stm32f1xx_hal_msp.o
 .debug_frame   0x00000000000003dc      0x120 ./Core/Src/stm32f1xx_it.o
 .debug_frame   0x00000000000004fc       0x58 ./Core/Src/system_stm32f1xx.o
 .debug_frame   0x0000000000000554      0x334 ./Drivers/STM32F1xx_HAL_Driver/Src/stm32f1xx_hal.o
 .debug_frame   0x0000000000000888      0x428 ./Drivers/STM32F1xx_HAL_Driver/Src/stm32f1xx_hal_cortex.o
 .debug_frame   0x0000000000000cb0      0x14c ./Drivers/STM32F1xx_HAL_Driver/Src/stm32f1xx_hal_gpio.o
 .debug_frame   0x0000000000000dfc      0x218 ./Drivers/STM32F1xx_HAL_Driver/Src/stm32f1xx_hal_rcc.o
 .debug_frame   0x0000000000001014      0x824 ./Drivers/STM32F1xx_HAL_Driver/Src/stm32f1xx_hal_spi.o
 .debug_frame   0x0000000000001838      0x944 ./Drivers/STM32F1xx_HAL_Driver/Src/stm32f1xx_hal_uart.o
 .debug_frame   0x000000000000217c       0x20 E:/STM_332/STM32CubeIDE_1.13.2/STM32CubeIDE/plugins/com.st.stm32cube.ide.mcu.externaltools.gnu-tools-for-stm32.11.3.rel1.win32_1.1.1.202309131626/tools/bin/../lib/gcc/arm-none-eabi/11.3.1/../../../../arm-none-eabi/lib/thumb/v7-m/nofp\libc_nano.a(libc_a-memset.o)
 .debug_frame   0x000000000000219c       0x2c E:/STM_332/STM32CubeIDE_1.13.2/STM32CubeIDE/plugins/com.st.stm32cube.ide.mcu.externaltools.gnu-tools-for-stm32.11.3.rel1.win32_1.1.1.202309131626/tools/bin/../lib/gcc/arm-none-eabi/11.3.1/../../../../arm-none-eabi/lib/thumb/v7-m/nofp\libc_nano.a(libc_a-init.o)

.debug_line_str
                0x0000000000000000       0x67
 .debug_line_str
                0x0000000000000000       0x67 ./Core/Startup/startup_stm32f103rbtx.o
                                         0x7f (size before relaxing)
