../Core/Src/main.c:84:5:main	8	static
../Core/Src/main.c:131:6:SystemClock_Config	88	static
../Core/Src/main.c:177:13:MX_ADC1_Init	24	static
../Core/Src/main.c:224:13:MX_TIM4_Init	32	static
../Core/Src/main.c:269:13:MX_USART2_UART_Init	8	static
../Core/Src/main.c:300:13:MX_DMA_Init	16	static
../Core/Src/main.c:318:13:MX_GPIO_Init	40	static
../Core/Src/main.c:361:6:HAL_GPIO_EXIT_Callback	16	static
../Core/Src/main.c:367:6:HAL_TIM_PeriodElapsedCallback	16	static
../Core/Src/main.c:381:6:Error_Handler	4	static,ignoring_inline_asm
