../Core/Src/NRF24LO1.c:22:6:CS_Select	8	static
../Core/Src/NRF24LO1.c:27:6:CS_UnSelect	8	static
../Core/Src/NRF24LO1.c:33:6:CE_Enable	8	static
../Core/Src/NRF24LO1.c:38:6:CE_Disable	8	static
../Core/Src/NRF24LO1.c:46:6:nrf24_WriteReg	24	static
../Core/Src/NRF24LO1.c:62:6:nrf24_WriteRegMulti	32	static
../Core/Src/NRF24LO1.c:79:9:nrf24_ReadReg	24	static
../Core/Src/NRF24LO1.c:97:6:nrf24_ReadReg_Multi	24	static
../Core/Src/NRF24LO1.c:111:6:nrfsendCmd	16	static
../Core/Src/NRF24LO1.c:122:6:nrf24_reset	40	static
../Core/Src/NRF24LO1.c:170:6:NRF24_Init	8	static
../Core/Src/NRF24LO1.c:201:6:NRF24_TxMode	24	static
../Core/Src/NRF24LO1.c:224:9:NRF24_Transmit	24	static
../Core/Src/NRF24LO1.c:261:6:NRF24_RxMode	24	static
../Core/Src/NRF24LO1.c:301:9:isDataAvailable	24	static
../Core/Src/NRF24LO1.c:317:6:NRF24_Receive	24	static
../Core/Src/NRF24LO1.c:343:6:NRF24_ReadAll	32	static
